[debug] > Exec(early(addDefaultCommands), None, None)
[debug] > Exec(addDefaultCommands, None, None)
[debug] > Exec(early(initialize), None, None)
[debug] > Exec(initialize, None, None)
[debug] > Exec(early(addPluginSbtFile="""C:\Users\Amu-H\AppData\Local\Temp\idea1.sbt"""), None, None)
[debug] > Exec(addPluginSbtFile="""C:\Users\Amu-H\AppData\Local\Temp\idea1.sbt""", None, None)
[debug] > Exec(boot, None, None)
[debug] > Exec(writeSbtVersion, None, None)
[debug] > Exec(reload, None, None)
[debug] > Exec(sbtStashOnFailure, None, None)
[debug] > Exec(onFailure loadFailed, None, None)
[debug] > Exec(loadp, None, None)
[info] welcome to sbt 1.11.7 (Oracle Corporation Java 17.0.12)
[debug]       Load.loadUnit: plugins took 193.3175ms
[debug]       Load.loadUnit: defsScala took 0.9577ms
[debug] [Loading] Scanning directory C:\Users\Amu-H\.sbt\1.0\plugins
[debug] [Loading] Found non-root projects 
[debug] [Loading] Done in C:\Users\Amu-H\.sbt\1.0\plugins, returning: ()
[debug] deducing auto plugins based on known facts Set(Atom(sbt.plugins.CorePlugin)) and clauses Clauses(Clause(Atom(sbt.plugins.JvmPlugin),Set(Atom(sbt.plugins.IvyPlugin)))
[debug] Clause(Atom(sbt.ScriptedPlugin),Set(Atom(sbt.plugins.JvmPlugin)))
[debug] Clause(Atom(sbt.plugins.SbtPlugin),Set(Atom(sbt.ScriptedPlugin)))
[debug] Clause(Atom(sbt.plugins.SemanticdbPlugin),Set(Atom(sbt.plugins.JvmPlugin)))
[debug] Clause(Atom(sbt.plugins.JUnitXmlReportPlugin),Set(Atom(sbt.plugins.JvmPlugin)))
[debug] Clause(Atom(sbt.plugins.MiniDependencyTreePlugin),Set(Atom(sbt.plugins.JvmPlugin)))
[debug] Clause(Atom(sbt.plugins.CorePlugin),Set(Atom(sbt.plugins.IvyPlugin)))
[debug] Clause(Atom(sbt.plugins.IvyPlugin),Set(Atom(sbt.plugins.JvmPlugin)))
[debug] Clause(Atom(sbt.plugins.JvmPlugin),Set(Atom(sbt.plugins.SemanticdbPlugin)))
[debug] Clause(Atom(sbt.plugins.JvmPlugin),Set(Atom(sbt.plugins.JUnitXmlReportPlugin)))
[debug] Clause(Atom(sbt.plugins.CorePlugin),Set(Atom(sbt.plugins.Giter8TemplatePlugin)))
[debug] Clause(Atom(sbt.plugins.JvmPlugin),Set(Atom(sbt.plugins.MiniDependencyTreePlugin))))
[debug]   :: deduced result: Matched(sbt.plugins.CorePlugin,sbt.plugins.Giter8TemplatePlugin,sbt.plugins.IvyPlugin,sbt.plugins.JvmPlugin,sbt.plugins.MiniDependencyTreePlugin,sbt.plugins.JUnitXmlReportPlugin,sbt.plugins.SemanticdbPlugin)
[debug] Plugins.deducer#function took 57.9428 ms
[debug]           Load.resolveProject(global-plugins) took 129.2663ms
[debug]         Load.loadTransitive: finalizeProject(Project(id global-plugins, base: C:\Users\Amu-H\.sbt\1.0\plugins, plugins: List(<none>))) took 235.7259ms
[debug] [Loading] Done in C:\Users\Amu-H\.sbt\1.0\plugins, returning: (global-plugins)
[debug]       Load.loadUnit: loadedProjectsRaw took 288.0912ms
[debug]       Load.loadUnit: cleanEvalClasses took 0.4612ms
[debug]     Load.loadUnit(file:/C:/Users/Amu-H/.sbt/1.0/plugins/, ...) took 500.1165ms
[debug]   Load.apply: load took 893.1025ms
[debug]   Load.apply: resolveProjects took 8.2887ms
[debug]   Load.apply: finalTransforms took 118.8085ms
[debug]   Load.apply: config.delegates took 14.3127ms
[debug]   Load.apply: Def.make(settings)... took 539.5003ms
[debug]   Load.apply: structureIndex took 139.8714ms
[debug]   Load.apply: mkStreams took 1.8865ms
[info] loading global plugins from C:\Users\Amu-H\.sbt\1.0\plugins
[debug] Running task... Cancel: Signal, check cycles: false, forcegc: true
[debug] Load.defaultLoad until apply took 3994.4628ms
[debug]           Load.loadUnit: plugins took 30.4873ms
[debug]           Load.loadUnit: defsScala took 0.0038ms
[debug] [Loading] Scanning directory C:\Users\Amu-H\IdeaProjects\Real-Time-Ad-Tech-Traffic-Analyzer\project
[debug]             Load.loadUnit: mkEval took 10.5696ms
[debug] [Loading] Found non-root projects 
[debug] [Loading] Done in C:\Users\Amu-H\IdeaProjects\Real-Time-Ad-Tech-Traffic-Analyzer\project, returning: ()
[debug] deducing auto plugins based on known facts Set(Atom(sbt.plugins.CorePlugin)) and clauses Clauses(Clause(Atom(sbt.plugins.JvmPlugin),Set(Atom(sbt.plugins.IvyPlugin)))
[debug] Clause(Atom(sbt.ScriptedPlugin),Set(Atom(sbt.plugins.JvmPlugin)))
[debug] Clause(Atom(sbt.plugins.SbtPlugin),Set(Atom(sbt.ScriptedPlugin)))
[debug] Clause(Atom(sbt.plugins.SemanticdbPlugin),Set(Atom(sbt.plugins.JvmPlugin)))
[debug] Clause(Atom(sbt.plugins.JUnitXmlReportPlugin),Set(Atom(sbt.plugins.JvmPlugin)))
[debug] Clause(Atom(sbt.plugins.MiniDependencyTreePlugin),Set(Atom(sbt.plugins.JvmPlugin)))
[debug] Clause(Atom(sbt.plugins.CorePlugin),Set(Atom(sbt.plugins.IvyPlugin)))
[debug] Clause(Atom(sbt.plugins.IvyPlugin),Set(Atom(sbt.plugins.JvmPlugin)))
[debug] Clause(Atom(sbt.plugins.JvmPlugin),Set(Atom(sbt.plugins.SemanticdbPlugin)))
[debug] Clause(Atom(sbt.plugins.JvmPlugin),Set(Atom(sbt.plugins.JUnitXmlReportPlugin)))
[debug] Clause(Atom(sbt.plugins.CorePlugin),Set(Atom(sbt.plugins.Giter8TemplatePlugin)))
[debug] Clause(Atom(sbt.plugins.JvmPlugin),Set(Atom(sbt.plugins.MiniDependencyTreePlugin))))
[debug]   :: deduced result: Matched(sbt.plugins.CorePlugin,sbt.plugins.Giter8TemplatePlugin,sbt.plugins.IvyPlugin,sbt.plugins.JvmPlugin,sbt.plugins.MiniDependencyTreePlugin,sbt.plugins.JUnitXmlReportPlugin,sbt.plugins.SemanticdbPlugin)
[debug] Plugins.deducer#function took 1.7905 ms
[info] loading settings for project real-time-ad-tech-traffic-analyzer-build from idea1.sbt...
[debug]               Load.resolveProject(real-time-ad-tech-traffic-analyzer-build) took 3.4801ms
[debug]             Load.loadTransitive: finalizeProject(Project(id real-time-ad-tech-traffic-analyzer-build, base: C:\Users\Amu-H\IdeaProjects\Real-Time-Ad-Tech-Traffic-Analyzer\project, plugins: List(<none>))) took 5.7354ms
[debug] [Loading] Done in C:\Users\Amu-H\IdeaProjects\Real-Time-Ad-Tech-Traffic-Analyzer\project, returning: (real-time-ad-tech-traffic-analyzer-build)
[debug]           Load.loadUnit: loadedProjectsRaw took 2695.364ms
[debug]           Load.loadUnit: cleanEvalClasses took 9.0474ms
[debug]         Load.loadUnit(file:/C:/Users/Amu-H/IdeaProjects/Real-Time-Ad-Tech-Traffic-Analyzer/project/, ...) took 2736.0188ms
[debug]       Load.apply: load took 2737.8845ms
[debug]       Load.apply: resolveProjects took 0.1001ms
[debug]       Load.apply: finalTransforms took 21.4785ms
[debug]       Load.apply: config.delegates took 0.6624ms
[debug]       Load.apply: Def.make(settings)... took 101.1315ms
[debug]       Load.apply: structureIndex took 32.9992ms
[debug]       Load.apply: mkStreams took 0.0021ms
[info] loading project definition from C:\Users\Amu-H\IdeaProjects\Real-Time-Ad-Tech-Traffic-Analyzer\project
[debug] Running task... Cancel: Signal, check cycles: false, forcegc: true
[debug]     Load.loadUnit: plugins took 4278.4273ms
[debug]     Load.loadUnit: defsScala took 0.0028ms
[debug] [Loading] Scanning directory C:\Users\Amu-H\IdeaProjects\Real-Time-Ad-Tech-Traffic-Analyzer
[debug]       Load.loadUnit: mkEval took 0.3763ms
[debug] [Loading] Found root project root w/ remaining 
[debug] deducing auto plugins based on known facts Set(Atom(sbt.plugins.CorePlugin)) and clauses Clauses(Clause(Atom(sbt.plugins.JvmPlugin),Set(Atom(sbt.plugins.IvyPlugin)))
[debug] Clause(Atom(sbt.ScriptedPlugin),Set(Atom(sbt.plugins.JvmPlugin)))
[debug] Clause(Atom(sbt.plugins.SbtPlugin),Set(Atom(sbt.ScriptedPlugin)))
[debug] Clause(Atom(sbt.plugins.SemanticdbPlugin),Set(Atom(sbt.plugins.JvmPlugin)))
[debug] Clause(Atom(sbt.plugins.JUnitXmlReportPlugin),Set(Atom(sbt.plugins.JvmPlugin)))
[debug] Clause(Atom(sbt.plugins.MiniDependencyTreePlugin),Set(Atom(sbt.plugins.JvmPlugin)))
[debug] Clause(Atom(org.jetbrains.sbt.GenerateAllManagedSourcesPlugin),Set(Atom(sbt.plugins.JvmPlugin)))
[debug] Clause(Atom(org.jetbrains.sbt.StructurePlugin),Set(Atom(sbt.plugins.JvmPlugin)))
[debug] Clause(Atom(org.jetbrains.sbt.IdeaShellPlugin),Set(Atom(sbt.plugins.JvmPlugin)))
[debug] Clause(Atom(sbt.plugins.CorePlugin),Set(Atom(sbt.plugins.IvyPlugin)))
[debug] Clause(Atom(sbt.plugins.IvyPlugin),Set(Atom(sbt.plugins.JvmPlugin)))
[debug] Clause(Atom(sbt.plugins.JvmPlugin),Set(Atom(sbt.plugins.SemanticdbPlugin)))
[debug] Clause(Atom(sbt.plugins.JvmPlugin),Set(Atom(sbt.plugins.JUnitXmlReportPlugin)))
[debug] Clause(Atom(sbt.plugins.CorePlugin),Set(Atom(sbt.plugins.Giter8TemplatePlugin)))
[debug] Clause(Atom(sbt.plugins.JvmPlugin),Set(Atom(sbt.plugins.MiniDependencyTreePlugin)))
[debug] Clause(Atom(sbt.plugins.JvmPlugin),Set(Atom(org.jetbrains.sbt.GenerateAllManagedSourcesPlugin)))
[debug] Clause(Atom(sbt.plugins.JvmPlugin),Set(Atom(org.jetbrains.sbt.StructurePlugin)))
[debug] Clause(Atom(sbt.plugins.JvmPlugin),Set(Atom(org.jetbrains.sbt.IdeaShellPlugin))))
[debug]   :: deduced result: Matched(sbt.plugins.CorePlugin,sbt.plugins.Giter8TemplatePlugin,sbt.plugins.IvyPlugin,sbt.plugins.JvmPlugin,org.jetbrains.sbt.GenerateAllManagedSourcesPlugin,sbt.plugins.SemanticdbPlugin,sbt.plugins.JUnitXmlReportPlugin,org.jetbrains.sbt.IdeaShellPlugin,org.jetbrains.sbt.StructurePlugin,sbt.plugins.MiniDependencyTreePlugin)
[debug] Plugins.deducer#function took 2.5599 ms
[info] loading settings for project root from build.sbt...
[debug]         Load.resolveProject(root) took 34.7702ms
[debug]       Load.loadTransitive: finalizeProject(Project(id root, base: C:\Users\Amu-H\IdeaProjects\Real-Time-Ad-Tech-Traffic-Analyzer, plugins: List(<none>))) took 38.4727ms
[debug] [Loading] Done in C:\Users\Amu-H\IdeaProjects\Real-Time-Ad-Tech-Traffic-Analyzer, returning: (root)
[debug]     Load.loadUnit: loadedProjectsRaw took 1524.2661ms
[debug]     Load.loadUnit: cleanEvalClasses took 28.6086ms
[debug]   Load.loadUnit(file:/C:/Users/Amu-H/IdeaProjects/Real-Time-Ad-Tech-Traffic-Analyzer/, ...) took 5832.2458ms
[debug] Load.apply: load took 5834.3359ms
[debug] Load.apply: resolveProjects took 0.1376ms
[debug] Load.apply: finalTransforms took 36.1295ms
[debug] Load.apply: config.delegates took 0.4699ms
[debug] Load.apply: Def.make(settings)... took 88.3867ms
[debug] Load.apply: structureIndex took 27.9324ms
[debug] Load.apply: mkStreams took 0.0028ms
[info] set current project to BDProjectV2 (in build file:/C:/Users/Amu-H/IdeaProjects/Real-Time-Ad-Tech-Traffic-Analyzer/)
[debug] > Exec(sbtPopOnFailure, None, None)
[debug] > Exec(resumeFromFailure, None, None)
[debug] > Exec(notifyUsersAboutShell, None, None)
[debug] > Exec(iflast shell, None, None)
[debug] > Exec(idea-shell, None, None)
