[debug] > Exec(reload, None, None)
[debug] > Exec(sbtStashOnFailure, None, None)
[debug] > Exec(onFailure loadFailed, None, None)
[debug] > Exec(loadp, None, None)
[info] welcome to sbt 1.11.7 (Oracle Corporation Java 17.0.12)
[debug]       Load.loadUnit: plugins took 29.7826ms
[debug]       Load.loadUnit: defsScala took 0.0039ms
[debug] [Loading] Scanning directory C:\Users\Amu-H\.sbt\1.0\plugins
[debug] [Loading] Found non-root projects 
[debug] [Loading] Done in C:\Users\Amu-H\.sbt\1.0\plugins, returning: ()
[debug] deducing auto plugins based on known facts Set(Atom(sbt.plugins.CorePlugin)) and clauses Clauses(Clause(Atom(sbt.plugins.JvmPlugin),Set(Atom(sbt.plugins.IvyPlugin)))
[debug] Clause(Atom(sbt.ScriptedPlugin),Set(Atom(sbt.plugins.JvmPlugin)))
[debug] Clause(Atom(sbt.plugins.SbtPlugin),Set(Atom(sbt.ScriptedPlugin)))
[debug] Clause(Atom(sbt.plugins.SemanticdbPlugin),Set(Atom(sbt.plugins.JvmPlugin)))
[debug] Clause(Atom(sbt.plugins.JUnitXmlReportPlugin),Set(Atom(sbt.plugins.JvmPlugin)))
[debug] Clause(Atom(sbt.plugins.MiniDependencyTreePlugin),Set(Atom(sbt.plugins.JvmPlugin)))
[debug] Clause(Atom(sbt.plugins.CorePlugin),Set(Atom(sbt.plugins.IvyPlugin)))
[debug] Clause(Atom(sbt.plugins.IvyPlugin),Set(Atom(sbt.plugins.JvmPlugin)))
[debug] Clause(Atom(sbt.plugins.JvmPlugin),Set(Atom(sbt.plugins.SemanticdbPlugin)))
[debug] Clause(Atom(sbt.plugins.JvmPlugin),Set(Atom(sbt.plugins.JUnitXmlReportPlugin)))
[debug] Clause(Atom(sbt.plugins.CorePlugin),Set(Atom(sbt.plugins.Giter8TemplatePlugin)))
[debug] Clause(Atom(sbt.plugins.JvmPlugin),Set(Atom(sbt.plugins.MiniDependencyTreePlugin))))
[debug]   :: deduced result: Matched(sbt.plugins.CorePlugin,sbt.plugins.Giter8TemplatePlugin,sbt.plugins.IvyPlugin,sbt.plugins.JvmPlugin,sbt.plugins.MiniDependencyTreePlugin,sbt.plugins.JUnitXmlReportPlugin,sbt.plugins.SemanticdbPlugin)
[debug] Plugins.deducer#function took 3.9576 ms
[debug]           Load.resolveProject(global-plugins) took 1.2356ms
[debug]         Load.loadTransitive: finalizeProject(Project(id global-plugins, base: C:\Users\Amu-H\.sbt\1.0\plugins, plugins: List(<none>))) took 6.1068ms
[debug] [Loading] Done in C:\Users\Amu-H\.sbt\1.0\plugins, returning: (global-plugins)
[debug]       Load.loadUnit: loadedProjectsRaw took 7.3421ms
[debug]       Load.loadUnit: cleanEvalClasses took 0.0099ms
[debug]     Load.loadUnit(file:/C:/Users/Amu-H/.sbt/1.0/plugins/, ...) took 38.0837ms
[debug]   Load.apply: load took 40.763ms
[debug]   Load.apply: resolveProjects took 0.0995ms
[debug]   Load.apply: finalTransforms took 8.1793ms
[debug]   Load.apply: config.delegates took 0.3604ms
[debug]   Load.apply: Def.make(settings)... took 74.4039ms
[debug]   Load.apply: structureIndex took 28.688ms
[debug]   Load.apply: mkStreams took 0.0034ms
[info] loading global plugins from C:\Users\Amu-H\.sbt\1.0\plugins
[debug] Running task... Cancel: Signal, check cycles: false, forcegc: true
[debug] Load.defaultLoad until apply took 618.1397ms
[debug]           Load.loadUnit: plugins took 39.4361ms
[debug]           Load.loadUnit: defsScala took 0.0055ms
[debug] [Loading] Scanning directory C:\Users\Amu-H\IdeaProjects\BDProjectV2\project
[debug]             Load.loadUnit: mkEval took 0.5275ms
[debug] [Loading] Found non-root projects 
[debug] [Loading] Done in C:\Users\Amu-H\IdeaProjects\BDProjectV2\project, returning: ()
[debug] deducing auto plugins based on known facts Set(Atom(sbt.plugins.CorePlugin)) and clauses Clauses(Clause(Atom(sbt.plugins.JvmPlugin),Set(Atom(sbt.plugins.IvyPlugin)))
[debug] Clause(Atom(sbt.ScriptedPlugin),Set(Atom(sbt.plugins.JvmPlugin)))
[debug] Clause(Atom(sbt.plugins.SbtPlugin),Set(Atom(sbt.ScriptedPlugin)))
[debug] Clause(Atom(sbt.plugins.SemanticdbPlugin),Set(Atom(sbt.plugins.JvmPlugin)))
[debug] Clause(Atom(sbt.plugins.JUnitXmlReportPlugin),Set(Atom(sbt.plugins.JvmPlugin)))
[debug] Clause(Atom(sbt.plugins.MiniDependencyTreePlugin),Set(Atom(sbt.plugins.JvmPlugin)))
[debug] Clause(Atom(sbt.plugins.CorePlugin),Set(Atom(sbt.plugins.IvyPlugin)))
[debug] Clause(Atom(sbt.plugins.IvyPlugin),Set(Atom(sbt.plugins.JvmPlugin)))
[debug] Clause(Atom(sbt.plugins.JvmPlugin),Set(Atom(sbt.plugins.SemanticdbPlugin)))
[debug] Clause(Atom(sbt.plugins.JvmPlugin),Set(Atom(sbt.plugins.JUnitXmlReportPlugin)))
[debug] Clause(Atom(sbt.plugins.CorePlugin),Set(Atom(sbt.plugins.Giter8TemplatePlugin)))
[debug] Clause(Atom(sbt.plugins.JvmPlugin),Set(Atom(sbt.plugins.MiniDependencyTreePlugin))))
[debug]   :: deduced result: Matched(sbt.plugins.CorePlugin,sbt.plugins.Giter8TemplatePlugin,sbt.plugins.IvyPlugin,sbt.plugins.JvmPlugin,sbt.plugins.MiniDependencyTreePlugin,sbt.plugins.JUnitXmlReportPlugin,sbt.plugins.SemanticdbPlugin)
[debug] Plugins.deducer#function took 2.7111 ms
[info] loading settings for project bdprojectv2-build from idea.sbt...
[debug]               Load.resolveProject(bdprojectv2-build) took 2.4182ms
[debug]             Load.loadTransitive: finalizeProject(Project(id bdprojectv2-build, base: C:\Users\Amu-H\IdeaProjects\BDProjectV2\project, plugins: List(<none>))) took 5.9677ms
[debug] [Loading] Done in C:\Users\Amu-H\IdeaProjects\BDProjectV2\project, returning: (bdprojectv2-build)
[debug]           Load.loadUnit: loadedProjectsRaw took 41.4125ms
[debug]           Load.loadUnit: cleanEvalClasses took 6.1176ms
[debug]         Load.loadUnit(file:/C:/Users/Amu-H/IdeaProjects/BDProjectV2/project/, ...) took 88.1893ms
[debug]       Load.apply: load took 90.1732ms
[debug]       Load.apply: resolveProjects took 0.229ms
[debug]       Load.apply: finalTransforms took 17.0597ms
[debug]       Load.apply: config.delegates took 0.3928ms
[debug]       Load.apply: Def.make(settings)... took 72.5742ms
[debug]       Load.apply: structureIndex took 38.1918ms
[debug]       Load.apply: mkStreams took 0.0042ms
[info] loading project definition from C:\Users\Amu-H\IdeaProjects\BDProjectV2\project
[debug] Running task... Cancel: Signal, check cycles: false, forcegc: true
[debug]     Load.loadUnit: plugins took 386.0177ms
[debug]     Load.loadUnit: defsScala took 0.004ms
[debug] [Loading] Scanning directory C:\Users\Amu-H\IdeaProjects\BDProjectV2
[debug]       Load.loadUnit: mkEval took 0.4774ms
[debug] [Loading] Found root project root w/ remaining 
[debug] deducing auto plugins based on known facts Set(Atom(sbt.plugins.CorePlugin)) and clauses Clauses(Clause(Atom(sbt.plugins.JvmPlugin),Set(Atom(sbt.plugins.IvyPlugin)))
[debug] Clause(Atom(sbt.ScriptedPlugin),Set(Atom(sbt.plugins.JvmPlugin)))
[debug] Clause(Atom(sbt.plugins.SbtPlugin),Set(Atom(sbt.ScriptedPlugin)))
[debug] Clause(Atom(sbt.plugins.SemanticdbPlugin),Set(Atom(sbt.plugins.JvmPlugin)))
[debug] Clause(Atom(sbt.plugins.JUnitXmlReportPlugin),Set(Atom(sbt.plugins.JvmPlugin)))
[debug] Clause(Atom(sbt.plugins.MiniDependencyTreePlugin),Set(Atom(sbt.plugins.JvmPlugin)))
[debug] Clause(Atom(org.jetbrains.sbt.GenerateAllManagedSourcesPlugin),Set(Atom(sbt.plugins.JvmPlugin)))
[debug] Clause(Atom(org.jetbrains.sbt.StructurePlugin),Set(Atom(sbt.plugins.JvmPlugin)))
[debug] Clause(Atom(org.jetbrains.sbt.IdeaShellPlugin),Set(Atom(sbt.plugins.JvmPlugin)))
[debug] Clause(Atom(sbt.plugins.CorePlugin),Set(Atom(sbt.plugins.IvyPlugin)))
[debug] Clause(Atom(sbt.plugins.IvyPlugin),Set(Atom(sbt.plugins.JvmPlugin)))
[debug] Clause(Atom(sbt.plugins.JvmPlugin),Set(Atom(sbt.plugins.SemanticdbPlugin)))
[debug] Clause(Atom(sbt.plugins.JvmPlugin),Set(Atom(sbt.plugins.JUnitXmlReportPlugin)))
[debug] Clause(Atom(sbt.plugins.CorePlugin),Set(Atom(sbt.plugins.Giter8TemplatePlugin)))
[debug] Clause(Atom(sbt.plugins.JvmPlugin),Set(Atom(sbt.plugins.MiniDependencyTreePlugin)))
[debug] Clause(Atom(sbt.plugins.JvmPlugin),Set(Atom(org.jetbrains.sbt.GenerateAllManagedSourcesPlugin)))
[debug] Clause(Atom(sbt.plugins.JvmPlugin),Set(Atom(org.jetbrains.sbt.StructurePlugin)))
[debug] Clause(Atom(sbt.plugins.JvmPlugin),Set(Atom(org.jetbrains.sbt.IdeaShellPlugin))))
[debug]   :: deduced result: Matched(sbt.plugins.CorePlugin,sbt.plugins.Giter8TemplatePlugin,sbt.plugins.IvyPlugin,sbt.plugins.JvmPlugin,org.jetbrains.sbt.GenerateAllManagedSourcesPlugin,sbt.plugins.SemanticdbPlugin,sbt.plugins.JUnitXmlReportPlugin,org.jetbrains.sbt.IdeaShellPlugin,org.jetbrains.sbt.StructurePlugin,sbt.plugins.MiniDependencyTreePlugin)
[debug] Plugins.deducer#function took 2.236 ms
[info] loading settings for project root from build.sbt...
[debug]         Load.resolveProject(root) took 59.5919ms
[debug]       Load.loadTransitive: finalizeProject(Project(id root, base: C:\Users\Amu-H\IdeaProjects\BDProjectV2, plugins: List(<none>))) took 62.4878ms
[debug] [Loading] Done in C:\Users\Amu-H\IdeaProjects\BDProjectV2, returning: (root)
[debug]     Load.loadUnit: loadedProjectsRaw took 159.0028ms
[debug]     Load.loadUnit: cleanEvalClasses took 16.6992ms
[debug]   Load.loadUnit(file:/C:/Users/Amu-H/IdeaProjects/BDProjectV2/, ...) took 562.8153ms
[debug] Load.apply: load took 564.4127ms
[debug] Load.apply: resolveProjects took 0.1019ms
[debug] Load.apply: finalTransforms took 22.01ms
[debug] Load.apply: config.delegates took 0.3655ms
[debug] Load.apply: Def.make(settings)... took 86.6694ms
[debug] Load.apply: structureIndex took 27.4475ms
[debug] Load.apply: mkStreams took 0.004ms
[info] set current project to BDProjectV2 (in build file:/C:/Users/Amu-H/IdeaProjects/BDProjectV2/)
[debug] > Exec(sbtPopOnFailure, None, None)
[debug] > Exec(resumeFromFailure, None, None)
[debug] > Exec(idea-shell, None, None)
