[debug] > Exec(early(addDefaultCommands), None, None)
[debug] > Exec(addDefaultCommands, None, None)
[debug] > Exec(early(initialize), None, None)
[debug] > Exec(initialize, None, None)
[debug] > Exec(early(addPluginSbtFile="""C:\Users\Amu-H\AppData\Local\Temp\idea8.sbt"""), None, None)
[debug] > Exec(addPluginSbtFile="""C:\Users\Amu-H\AppData\Local\Temp\idea8.sbt""", None, None)
[debug] > Exec(boot, None, None)
[debug] > Exec(writeSbtVersion, None, None)
[debug] > Exec(reload, None, None)
[debug] > Exec(sbtStashOnFailure, None, None)
[debug] > Exec(onFailure loadFailed, None, None)
[debug] > Exec(loadp, None, None)
[info] welcome to sbt 1.11.7 (Oracle Corporation Java 17.0.12)
[debug]       Load.loadUnit: plugins took 133.1749ms
[debug]       Load.loadUnit: defsScala took 0.4998ms
[debug] [Loading] Scanning directory C:\Users\Amu-H\.sbt\1.0\plugins
[debug] [Loading] Found non-root projects 
[debug] [Loading] Done in C:\Users\Amu-H\.sbt\1.0\plugins, returning: ()
[debug] deducing auto plugins based on known facts Set(Atom(sbt.plugins.CorePlugin)) and clauses Clauses(Clause(Atom(sbt.plugins.JvmPlugin),Set(Atom(sbt.plugins.IvyPlugin)))
[debug] Clause(Atom(sbt.ScriptedPlugin),Set(Atom(sbt.plugins.JvmPlugin)))
[debug] Clause(Atom(sbt.plugins.SbtPlugin),Set(Atom(sbt.ScriptedPlugin)))
[debug] Clause(Atom(sbt.plugins.SemanticdbPlugin),Set(Atom(sbt.plugins.JvmPlugin)))
[debug] Clause(Atom(sbt.plugins.JUnitXmlReportPlugin),Set(Atom(sbt.plugins.JvmPlugin)))
[debug] Clause(Atom(sbt.plugins.MiniDependencyTreePlugin),Set(Atom(sbt.plugins.JvmPlugin)))
[debug] Clause(Atom(sbt.plugins.CorePlugin),Set(Atom(sbt.plugins.IvyPlugin)))
[debug] Clause(Atom(sbt.plugins.IvyPlugin),Set(Atom(sbt.plugins.JvmPlugin)))
[debug] Clause(Atom(sbt.plugins.JvmPlugin),Set(Atom(sbt.plugins.SemanticdbPlugin)))
[debug] Clause(Atom(sbt.plugins.JvmPlugin),Set(Atom(sbt.plugins.JUnitXmlReportPlugin)))
[debug] Clause(Atom(sbt.plugins.CorePlugin),Set(Atom(sbt.plugins.Giter8TemplatePlugin)))
[debug] Clause(Atom(sbt.plugins.JvmPlugin),Set(Atom(sbt.plugins.MiniDependencyTreePlugin))))
[debug]   :: deduced result: Matched(sbt.plugins.CorePlugin,sbt.plugins.Giter8TemplatePlugin,sbt.plugins.IvyPlugin,sbt.plugins.JvmPlugin,sbt.plugins.MiniDependencyTreePlugin,sbt.plugins.JUnitXmlReportPlugin,sbt.plugins.SemanticdbPlugin)
[debug] Plugins.deducer#function took 26.3142 ms
[debug]           Load.resolveProject(global-plugins) took 82.8322ms
[debug]         Load.loadTransitive: finalizeProject(Project(id global-plugins, base: C:\Users\Amu-H\.sbt\1.0\plugins, plugins: List(<none>))) took 147.2411ms
[debug] [Loading] Done in C:\Users\Amu-H\.sbt\1.0\plugins, returning: (global-plugins)
[debug]       Load.loadUnit: loadedProjectsRaw took 190.6872ms
[debug]       Load.loadUnit: cleanEvalClasses took 0.4018ms
[debug]     Load.loadUnit(file:/C:/Users/Amu-H/.sbt/1.0/plugins/, ...) took 337.9551ms
[debug]   Load.apply: load took 704.6729ms
[debug]   Load.apply: resolveProjects took 9.2864ms
[debug]   Load.apply: finalTransforms took 98.8506ms
[debug]   Load.apply: config.delegates took 12.5608ms
[debug]   Load.apply: Def.make(settings)... took 592.5118ms
[debug]   Load.apply: structureIndex took 135.1563ms
[debug]   Load.apply: mkStreams took 2.6867ms
[info] loading global plugins from C:\Users\Amu-H\.sbt\1.0\plugins
[debug] Running task... Cancel: Signal, check cycles: false, forcegc: true
[debug] Load.defaultLoad until apply took 3211.5246ms
[debug]           Load.loadUnit: plugins took 28.1154ms
[debug]           Load.loadUnit: defsScala took 0.0038ms
[debug] [Loading] Scanning directory C:\Users\Amu-H\IdeaProjects\Real-Time-Ad-Tech-Traffic-Analyzer\project
[debug]             Load.loadUnit: mkEval took 7.8809ms
[debug] [Loading] Found non-root projects 
[debug] [Loading] Done in C:\Users\Amu-H\IdeaProjects\Real-Time-Ad-Tech-Traffic-Analyzer\project, returning: ()
[debug] deducing auto plugins based on known facts Set(Atom(sbt.plugins.CorePlugin)) and clauses Clauses(Clause(Atom(sbt.plugins.JvmPlugin),Set(Atom(sbt.plugins.IvyPlugin)))
[debug] Clause(Atom(sbt.ScriptedPlugin),Set(Atom(sbt.plugins.JvmPlugin)))
[debug] Clause(Atom(sbt.plugins.SbtPlugin),Set(Atom(sbt.ScriptedPlugin)))
[debug] Clause(Atom(sbt.plugins.SemanticdbPlugin),Set(Atom(sbt.plugins.JvmPlugin)))
[debug] Clause(Atom(sbt.plugins.JUnitXmlReportPlugin),Set(Atom(sbt.plugins.JvmPlugin)))
[debug] Clause(Atom(sbt.plugins.MiniDependencyTreePlugin),Set(Atom(sbt.plugins.JvmPlugin)))
[debug] Clause(Atom(sbt.plugins.CorePlugin),Set(Atom(sbt.plugins.IvyPlugin)))
[debug] Clause(Atom(sbt.plugins.IvyPlugin),Set(Atom(sbt.plugins.JvmPlugin)))
[debug] Clause(Atom(sbt.plugins.JvmPlugin),Set(Atom(sbt.plugins.SemanticdbPlugin)))
[debug] Clause(Atom(sbt.plugins.JvmPlugin),Set(Atom(sbt.plugins.JUnitXmlReportPlugin)))
[debug] Clause(Atom(sbt.plugins.CorePlugin),Set(Atom(sbt.plugins.Giter8TemplatePlugin)))
[debug] Clause(Atom(sbt.plugins.JvmPlugin),Set(Atom(sbt.plugins.MiniDependencyTreePlugin))))
[debug]   :: deduced result: Matched(sbt.plugins.CorePlugin,sbt.plugins.Giter8TemplatePlugin,sbt.plugins.IvyPlugin,sbt.plugins.JvmPlugin,sbt.plugins.MiniDependencyTreePlugin,sbt.plugins.JUnitXmlReportPlugin,sbt.plugins.SemanticdbPlugin)
[debug] Plugins.deducer#function took 1.7551 ms
[info] loading settings for project real-time-ad-tech-traffic-analyzer-build from idea8.sbt...
[debug]               Load.resolveProject(real-time-ad-tech-traffic-analyzer-build) took 3.1262ms
[debug]             Load.loadTransitive: finalizeProject(Project(id real-time-ad-tech-traffic-analyzer-build, base: C:\Users\Amu-H\IdeaProjects\Real-Time-Ad-Tech-Traffic-Analyzer\project, plugins: List(<none>))) took 5.3287ms
[debug] [Loading] Done in C:\Users\Amu-H\IdeaProjects\Real-Time-Ad-Tech-Traffic-Analyzer\project, returning: (real-time-ad-tech-traffic-analyzer-build)
[debug]           Load.loadUnit: loadedProjectsRaw took 172.6088ms
[debug]           Load.loadUnit: cleanEvalClasses took 5.9767ms
[debug]         Load.loadUnit(file:/C:/Users/Amu-H/IdeaProjects/Real-Time-Ad-Tech-Traffic-Analyzer/project/, ...) took 207.7064ms
[debug]       Load.apply: load took 209.3303ms
[debug]       Load.apply: resolveProjects took 0.103ms
[debug]       Load.apply: finalTransforms took 15.5527ms
[debug]       Load.apply: config.delegates took 0.3294ms
[debug]       Load.apply: Def.make(settings)... took 97.3244ms
[debug]       Load.apply: structureIndex took 34.609ms
[debug]       Load.apply: mkStreams took 0.0023ms
[info] loading project definition from C:\Users\Amu-H\IdeaProjects\Real-Time-Ad-Tech-Traffic-Analyzer\project
[debug] Running task... Cancel: Signal, check cycles: false, forcegc: true
[debug]     Load.loadUnit: plugins took 628.1826ms
[debug]     Load.loadUnit: defsScala took 0.0034ms
[debug] [Loading] Scanning directory C:\Users\Amu-H\IdeaProjects\Real-Time-Ad-Tech-Traffic-Analyzer
[debug]       Load.loadUnit: mkEval took 0.4611ms
[debug] [Loading] Found root project root w/ remaining 
[debug] deducing auto plugins based on known facts Set(Atom(sbt.plugins.CorePlugin)) and clauses Clauses(Clause(Atom(sbt.plugins.JvmPlugin),Set(Atom(sbt.plugins.IvyPlugin)))
[debug] Clause(Atom(sbt.ScriptedPlugin),Set(Atom(sbt.plugins.JvmPlugin)))
[debug] Clause(Atom(sbt.plugins.SbtPlugin),Set(Atom(sbt.ScriptedPlugin)))
[debug] Clause(Atom(sbt.plugins.SemanticdbPlugin),Set(Atom(sbt.plugins.JvmPlugin)))
[debug] Clause(Atom(sbt.plugins.JUnitXmlReportPlugin),Set(Atom(sbt.plugins.JvmPlugin)))
[debug] Clause(Atom(sbt.plugins.MiniDependencyTreePlugin),Set(Atom(sbt.plugins.JvmPlugin)))
[debug] Clause(Atom(org.jetbrains.sbt.GenerateAllManagedSourcesPlugin),Set(Atom(sbt.plugins.JvmPlugin)))
[debug] Clause(Atom(org.jetbrains.sbt.StructurePlugin),Set(Atom(sbt.plugins.JvmPlugin)))
[debug] Clause(Atom(org.jetbrains.sbt.IdeaShellPlugin),Set(Atom(sbt.plugins.JvmPlugin)))
[debug] Clause(Atom(sbt.plugins.CorePlugin),Set(Atom(sbt.plugins.IvyPlugin)))
[debug] Clause(Atom(sbt.plugins.IvyPlugin),Set(Atom(sbt.plugins.JvmPlugin)))
[debug] Clause(Atom(sbt.plugins.JvmPlugin),Set(Atom(sbt.plugins.SemanticdbPlugin)))
[debug] Clause(Atom(sbt.plugins.JvmPlugin),Set(Atom(sbt.plugins.JUnitXmlReportPlugin)))
[debug] Clause(Atom(sbt.plugins.CorePlugin),Set(Atom(sbt.plugins.Giter8TemplatePlugin)))
[debug] Clause(Atom(sbt.plugins.JvmPlugin),Set(Atom(sbt.plugins.MiniDependencyTreePlugin)))
[debug] Clause(Atom(sbt.plugins.JvmPlugin),Set(Atom(org.jetbrains.sbt.GenerateAllManagedSourcesPlugin)))
[debug] Clause(Atom(sbt.plugins.JvmPlugin),Set(Atom(org.jetbrains.sbt.StructurePlugin)))
[debug] Clause(Atom(sbt.plugins.JvmPlugin),Set(Atom(org.jetbrains.sbt.IdeaShellPlugin))))
[debug]   :: deduced result: Matched(sbt.plugins.CorePlugin,sbt.plugins.Giter8TemplatePlugin,sbt.plugins.IvyPlugin,sbt.plugins.JvmPlugin,org.jetbrains.sbt.GenerateAllManagedSourcesPlugin,sbt.plugins.SemanticdbPlugin,sbt.plugins.JUnitXmlReportPlugin,org.jetbrains.sbt.IdeaShellPlugin,org.jetbrains.sbt.StructurePlugin,sbt.plugins.MiniDependencyTreePlugin)
[debug] Plugins.deducer#function took 2.9298 ms
[info] loading settings for project root from build.sbt...
[debug]         Load.resolveProject(root) took 41.9122ms
[debug]       Load.loadTransitive: finalizeProject(Project(id root, base: C:\Users\Amu-H\IdeaProjects\Real-Time-Ad-Tech-Traffic-Analyzer, plugins: List(<none>))) took 45.9977ms
[debug] [Loading] Done in C:\Users\Amu-H\IdeaProjects\Real-Time-Ad-Tech-Traffic-Analyzer, returning: (root)
[debug]     Load.loadUnit: loadedProjectsRaw took 150.9537ms
[debug]     Load.loadUnit: cleanEvalClasses took 12.1859ms
[debug]   Load.loadUnit(file:/C:/Users/Amu-H/IdeaProjects/Real-Time-Ad-Tech-Traffic-Analyzer/, ...) took 792.1994ms
[debug] Load.apply: load took 793.8656ms
[debug] Load.apply: resolveProjects took 0.0987ms
[debug] Load.apply: finalTransforms took 38.6536ms
[debug] Load.apply: config.delegates took 0.326ms
[debug] Load.apply: Def.make(settings)... took 89.1189ms
[debug] Load.apply: structureIndex took 31.2878ms
[debug] Load.apply: mkStreams took 0.0022ms
[info] set current project to BDProjectV2 (in build file:/C:/Users/Amu-H/IdeaProjects/Real-Time-Ad-Tech-Traffic-Analyzer/)
[debug] > Exec(sbtPopOnFailure, None, None)
[debug] > Exec(resumeFromFailure, None, None)
[debug] > Exec(notifyUsersAboutShell, None, None)
[debug] > Exec(iflast shell, None, None)
[debug] > Exec(idea-shell, None, None)
